#-----------------------------------------------------------
# Vivado v2025.1 (64-bit)
# SW Build 6140274 on Thu May 22 00:12:29 MDT 2025
# IP Build 6138677 on Thu May 22 03:10:11 MDT 2025
# SharedData Build 6139179 on Tue May 20 17:58:58 MDT 2025
# Start of session at: Wed Jul 30 16:35:23 2025
# Process ID         : 8840
# Current directory  : E:/gousee/vivado output/Wending mechine
# Command line       : vivado.exe -gui_launcher_event rodinguilauncherevent12368 E:\gousee\vivado output\Wending mechine\Wending mechine.xpr
# Log file           : E:/gousee/vivado output/Wending mechine/vivado.log
# Journal file       : E:/gousee/vivado output/Wending mechine\vivado.jou
# Running On         : DESKTOP-5FSIQP3
# Platform           : Windows Server 2016 or Windows 10
# Operating System   : 22631
# Processor Detail   : Intel(R) Core(TM) i3-1005G1 CPU @ 1.20GHz
# CPU Frequency      : 1190 MHz
# CPU Physical cores : 2
# CPU Logical cores  : 4
# Host memory        : 8361 MB
# Swap memory        : 14270 MB
# Total Virtual      : 22631 MB
# Available Virtual  : 9253 MB
#-----------------------------------------------------------sstart_guioopen_project {E:/gousee/vivado output/Wending mechine/Wending mechine.xpr}uupdate_compile_order -fileset sources_1
